// Jest Snapshot v1, https://goo.gl/fbAQLP

exports[`matches snapshot 1`] = `
<div
  className="container"
>
  <div
    className="content"
  >
    <LineNumbers
      program="console.log('Hello World');"
    />
    <textarea
      className="textEditor"
      onChange={[Function]}
      value="console.log('Hello World');"
    />
  </div>
</div>
`;

exports[`matches snapshot 2`] = `
<div
  className="container"
>
  <div
    className="content"
  >
    <LineNumbers
      program="console.log('Hello World');"
    />
    <textarea
      className="textEditor"
      onChange={[Function]}
      value="console.log('Hello World');"
    />
  </div>
</div>
`;
