// Jest Snapshot v1, https://goo.gl/fbAQLP

exports[`matches snapshot 1`] = `
<div
  className="lineNumbers"
>
  <span
    key="1"
  >
    1
  </span>
  <span
    key="2"
  >
    2
  </span>
  <span
    key="3"
  >
    3
  </span>
</div>
`;
