// Jest Snapshot v1, https://goo.gl/fbAQLP

exports[`matches snapshot 1`] = `
<button
  className="btn btn-outline-light"
  onClick={[MockFunction]}
  type="button"
>
  Stop
</button>
`;
